// Jest Snapshot v1, https://goo.gl/fbAQLP

exports[`Error Chit Component Error Chit matches snapshot 1`] = `
<body>
  <div>
    <div
      class="flex flex-row gap-2 items-center justify-center text-center bg-red-200 p-2 rounded-lg text-black font-semibold undefined"
    >
      <svg
        class="w-8 h-8 text-red-500"
        fill="currentColor"
        height="1em"
        stroke="currentColor"
        stroke-width="0"
        viewBox="0 0 24 24"
        width="1em"
        xmlns="http://www.w3.org/2000/svg"
      >
        <path
          d="M0 0h24v24H0z"
          fill="none"
        />
        <path
          d="M12 2C6.48 2 2 6.48 2 12s4.48 10 10 10 10-4.48 10-10S17.52 2 12 2zm1 15h-2v-2h2v2zm0-4h-2V7h2v6z"
        />
      </svg>
      <p>
        Foo Bar
      </p>
    </div>
  </div>
</body>
`;
