// Jest Snapshot v1, https://goo.gl/fbAQLP

exports[`Info Chit Component Info chit matches snapshot 1`] = `
<body>
  <div>
    <div
      class="flex flex-col gap-1 bg-stone-200 p-2 rounded-lg text-gray-700 undefined"
    >
      <p>
        Foo Bar
      </p>
    </div>
  </div>
</body>
`;
