// Jest Snapshot v1, https://goo.gl/fbAQLP

exports[`App component Component matches snapshot 1`] = `
<body>
  <div>
    <div>
      Loading
    </div>
  </div>
</body>
`;
